// Jest Snapshot v1, https://goo.gl/fbAQLP

exports[`AddToDoList component testing should render AddToDoList correctly 1`] = `
Object {
  "asFragment": [Function],
  "baseElement": <body>
    <div>
      <form
        class="col s12"
      >
        <div
          class="row"
        >
          <div
            class="input-field col s6"
          >
            <input
              id="todos_text"
              placeholder="Enter Todos"
              type="text"
              value=""
            />
          </div>
          <div
            class=" col s6"
            style="padding: 1rem 0rem;"
            title="No Todos To Add"
          >
            <button
              class="waves-effect waves-light btn disabled"
              id="submit"
            >
              Add
            </button>
          </div>
        </div>
      </form>
    </div>
  </body>,
  "container": <div>
    <form
      class="col s12"
    >
      <div
        class="row"
      >
        <div
          class="input-field col s6"
        >
          <input
            id="todos_text"
            placeholder="Enter Todos"
            type="text"
            value=""
          />
        </div>
        <div
          class=" col s6"
          style="padding: 1rem 0rem;"
          title="No Todos To Add"
        >
          <button
            class="waves-effect waves-light btn disabled"
            id="submit"
          >
            Add
          </button>
        </div>
      </div>
    </form>
  </div>,
  "debug": [Function],
  "findAllByAltText": [Function],
  "findAllByDisplayValue": [Function],
  "findAllByLabelText": [Function],
  "findAllByPlaceholderText": [Function],
  "findAllByRole": [Function],
  "findAllByTestId": [Function],
  "findAllByText": [Function],
  "findAllByTitle": [Function],
  "findByAltText": [Function],
  "findByDisplayValue": [Function],
  "findByLabelText": [Function],
  "findByPlaceholderText": [Function],
  "findByRole": [Function],
  "findByTestId": [Function],
  "findByText": [Function],
  "findByTitle": [Function],
  "getAllByAltText": [Function],
  "getAllByDisplayValue": [Function],
  "getAllByLabelText": [Function],
  "getAllByPlaceholderText": [Function],
  "getAllByRole": [Function],
  "getAllByTestId": [Function],
  "getAllByText": [Function],
  "getAllByTitle": [Function],
  "getByAltText": [Function],
  "getByDisplayValue": [Function],
  "getByLabelText": [Function],
  "getByPlaceholderText": [Function],
  "getByRole": [Function],
  "getByTestId": [Function],
  "getByText": [Function],
  "getByTitle": [Function],
  "queryAllByAltText": [Function],
  "queryAllByDisplayValue": [Function],
  "queryAllByLabelText": [Function],
  "queryAllByPlaceholderText": [Function],
  "queryAllByRole": [Function],
  "queryAllByTestId": [Function],
  "queryAllByText": [Function],
  "queryAllByTitle": [Function],
  "queryByAltText": [Function],
  "queryByDisplayValue": [Function],
  "queryByLabelText": [Function],
  "queryByPlaceholderText": [Function],
  "queryByRole": [Function],
  "queryByTestId": [Function],
  "queryByText": [Function],
  "queryByTitle": [Function],
  "rerender": [Function],
  "unmount": [Function],
}
`;
